// Jest Snapshot v1, https://goo.gl/fbAQLP

exports[`AboutCommunity UI Component renders correctly 1`] = `
Array [
  <h1
    className="title is-4 mb-5 is-hidden-mobile"
  >
    About
  </h1>,
  <p
    className="mb-5 has-text-grey"
  >
    Gitcoin is the community of builders, creators, and protocols at the center of open web ecosystems. We build and fund Public Goods.
  </p>,
  <div
    className="divider py-2"
  />,
  <div
    className="column is-12 pl-0 pb-1"
  >
    <h6
      className="subtitle small-text pb-2 pt-4"
    >
      Admin
    </h6>
  </div>,
  <div
    className="is-flex is-align-items-center py-3"
  >
    <div
      className="is-flex pr-2"
    >
      <blockies-component-mock
        className="blockies"
        scale={4}
        seed="nick-1.eth"
        size={8}
      />
    </div>
    <div
      className="subtitle has-text-grey small-text"
    >
      nick-1.eth
    </div>
  </div>,
  <div
    className="is-flex is-align-items-center py-3"
  >
    <div
      className="is-flex pr-2"
    >
      <blockies-component-mock
        className="blockies"
        scale={4}
        seed="ceresstation-1.eth"
        size={8}
      />
    </div>
    <div
      className="subtitle has-text-grey small-text"
    >
      ceresstation-1.eth
    </div>
  </div>,
  <div
    className="divider py-2"
  />,
  <div
    className="column is-12 pl-0 pb-1"
  >
    <h6
      className="subtitle small-text pb-2 pt-4"
    >
      Authors
    </h6>
  </div>,
  <div
    className="is-flex is-align-items-center py-3"
  >
    <div
      className="is-flex pr-2"
    >
      <blockies-component-mock
        className="blockies"
        scale={4}
        seed="nick-2.eth"
        size={8}
      />
    </div>
    <div
      className="subtitle has-text-grey small-text"
    >
      nick-2.eth
    </div>
  </div>,
  <div
    className="is-flex is-align-items-center py-3"
  >
    <div
      className="is-flex pr-2"
    >
      <blockies-component-mock
        className="blockies"
        scale={4}
        seed="ceresstation-2.eth"
        size={8}
      />
    </div>
    <div
      className="subtitle has-text-grey small-text"
    >
      ceresstation-2.eth
    </div>
  </div>,
]
`;
